Microchip MPLAB XC8 Compiler V2.32

Linker command line:

-W-3 --edf=D:\Program Files\Microchip\xc8\v2.32\pic\dat\en_msgs.txt -cn \
  -h+dist/default/production\LM35.X.production.sym \
  --cmf=dist/default/production\LM35.X.production.cmf -z -Q16F887 \
  -oC:\Users\Preethi\AppData\Local\Temp\xcAslh8.4 --defsym=__MPLAB_BUILD=1 \
  -Mdist/default/production/LM35.X.production.map -E1 -ver=XC8 Compiler \
  --acfsm=1493 -ASTACK=0110h-016Fh -pstack=STACK -ACODE=00h-07FFhx4 \
  -ASTRCODE=00h-01FFFh -ASTRING=00h-0FFhx32 -ACONST=00h-0FFhx32 \
  -AENTRY=00h-0FFhx32 -ACOMMON=070h-07Fh -ABANK0=020h-06Fh \
  -ABANK1=0A0h-0EFh -ABANK2=0110h-016Fh -ABANK3=0190h-01EFh \
  -ARAM=020h-06Fh,0A0h-0EFh,0110h-016Fh,0190h-01EFh \
  -AABS1=020h-07Fh,0A0h-0EFh,0110h-016Fh,0190h-01EFh -ASFR0=00h-01Fh \
  -ASFR1=080h-09Fh -ASFR2=0100h-010Fh -ASFR3=0180h-018Fh \
  -ACONFIG=02007h-02008h -DCONFIG=2 -AIDLOC=02000h-02003h -DIDLOC=2 \
  -AEEDATA=00h-0FFh/02100h -peeprom_data=EEDATA -DEEDATA=2 -DCODE=2 \
  -DSTRCODE=2 -DSTRING=2 -DCONST=2 -DENTRY=2 \
  -preset_vec=00h,intentry,init,end_init -ppowerup=CODE -pcinit=CODE \
  -pfunctab=ENTRY -k C:\Users\Preethi\AppData\Local\Temp\xcAslh8.o \
  dist/default/production\LM35.X.production.o 

Object code version is 3.11

Machine type is 16F887



                Name                               Link     Load   Length Selector   Space Scale
C:\Users\Preethi\AppData\Local\Temp\xcAslh8.o
                end_init                              0        0        3        0       0
dist/default/production\LM35.X.production.o
                cinit                               7EA      7EA       16      FD4       0
                text28                             118A     118A      1E3     2314       0
                text27                             1CD5     1CD5       2D     39AA       0
                text26                             1C2B     1C2B       19     3856       0
                text25                             1C1F     1C1F        C     383E       0
                text24                             1C44     1C44       21     3888       0
                text23                             1D80     1D80       4E     3B00       0
                text22                             1F5E     1F5E       A2     3EBC       0
                text21                             1C14     1C14        B     3828       0
                text20                             1578     1578      288     2AF0       0
                text19                             1C65     1C65       24     38CA       0
                text18                              806      806       7C     100C       0
                text17                             1E22     1E22       66     3C44       0
                text16                             1DCE     1DCE       54     3B9C       0
                text15                             1C89     1C89       25     3912       0
                text14                             1013     1013       BA     2026       0
                text13                              882      882       BE     1104       0
                text12                             10CD     10CD       BD     219A       0
                text11                             1CAE     1CAE       27     395C       0
                text10                              C9F      C9F      361     193E       0
                text9                              1D3C     1D3C       44     3A78       0
                text8                              1D02     1D02       3A     3A04       0
                text7                              136D     136D      20B     26DA       0
                text6                              1001     1001       12     2002       0
                text5                              1E88     1E88       69     3D10       0
                text4                                 7        7       59        E       0
                text3                               940      940      35F     1280       0
                text2                               178      178      672      2F0       0
                text1                                60       60      118       C0       0
                maintext                           1EF1     1EF1       6D     3DE2       0
                cstackBANK0                          20       20       50       20       1
                cstackCOMMON                         70       70        E       70       1
                cstackBANK1                          A0       A0       2D       A0       1
                clrtext                            1C0C     1C0C        8     3818       0
                bssBANK3                            190      190       10      190       1
                bssBANK1                             CD       CD       1E       A0       1
                strings                            1800     1800       A3     3000       0

TOTAL           Name                               Link     Load   Length     Space
        CLASS   STACK          

        CLASS   CODE           
                end_init                              0        0        3         0
                cinit                               7EA      7EA       16         0
                text28                             118A     118A      1E3         0
                text27                             1CD5     1CD5       2D         0
                text26                             1C2B     1C2B       19         0
                text25                             1C1F     1C1F        C         0
                text24                             1C44     1C44       21         0
                text23                             1D80     1D80       4E         0
                text22                             1F5E     1F5E       A2         0
                text21                             1C14     1C14        B         0
                text20                             1578     1578      288         0
                text19                             1C65     1C65       24         0
                text18                              806      806       7C         0
                text17                             1E22     1E22       66         0
                text16                             1DCE     1DCE       54         0
                text15                             1C89     1C89       25         0
                text14                             1013     1013       BA         0
                text13                              882      882       BE         0
                text12                             10CD     10CD       BD         0
                text11                             1CAE     1CAE       27         0
                text10                              C9F      C9F      361         0
                text9                              1D3C     1D3C       44         0
                text8                              1D02     1D02       3A         0
                text7                              136D     136D      20B         0
                text6                              1001     1001       12         0
                text5                              1E88     1E88       69         0
                text4                                 7        7       59         0
                text3                               940      940      35F         0
                text2                               178      178      672         0
                text1                                60       60      118         0
                maintext                           1EF1     1EF1       6D         0
                clrtext                            1C0C     1C0C        8         0

        CLASS   STRCODE        

        CLASS   STRING         
                strings                            1800     1800       A3         0

        CLASS   CONST          

        CLASS   ENTRY          

        CLASS   COMMON         
                cstackCOMMON                         70       70        E         1

        CLASS   BANK0          
                cstackBANK0                          20       20       50         1

        CLASS   BANK1          
                cstackBANK1                          A0       A0       2D         1
                bssBANK1                             CD       CD       1E         1

        CLASS   BANK2          

        CLASS   BANK3          
                bssBANK3                            190      190       10         1

        CLASS   RAM            

        CLASS   ABS1           
                abs_s1                               7E       7E        2         1

        CLASS   SFR0           

        CLASS   SFR1           

        CLASS   SFR2           

        CLASS   SFR3           

        CLASS   CONFIG         

        CLASS   IDLOC          

        CLASS   EEDATA         



SEGMENTS        Name                           Load    Length   Top    Selector   Space  Class     Delta

                reset_vec                      000000  000003  000003         0       0  CODE        2
                text4                          000007  000059  000060         E       0  CODE        2
                cstackBANK0                    000020  000050  000070        20       1  BANK0       1
                cstackCOMMON                   000070  00000E  00007E        70       1  COMMON      1
                cstackBANK1                    0000A0  00004B  0000EB        A0       1  BANK1       1
                text1                          000060  000118  000178        C0       0  CODE        2
                bssBANK3                       000190  000010  0001A0       190       1  BANK3       1
                text2                          000178  000672  0007EA       2F0       0  CODE        2
                cinit                          0007EA  000016  000800       FD4       0  CODE        2
                text18                         000806  00007C  000882      100C       0  CODE        2
                text13                         000882  0000BE  000940      1104       0  CODE        2
                text3                          000940  00035F  000C9F      1280       0  CODE        2
                text10                         000C9F  000361  001000      193E       0  CODE        2
                text6                          001001  000012  001013      2002       0  CODE        2
                text14                         001013  0000BA  0010CD      2026       0  CODE        2
                text12                         0010CD  0000BD  00118A      219A       0  CODE        2
                text28                         00118A  0001E3  00136D      2314       0  CODE        2
                text7                          00136D  00020B  001578      26DA       0  CODE        2
                text20                         001578  000288  001800      2AF0       0  CODE        2
                strings                        001800  0000A3  0018A3      3000       0  STRING      2
                clrtext                        001C0C  000008  001C14      3818       0  CODE        2
                text21                         001C14  00000B  001C1F      3828       0  CODE        2
                text25                         001C1F  00000C  001C2B      383E       0  CODE        2
                text26                         001C2B  000019  001C44      3856       0  CODE        2
                text24                         001C44  000021  001C65      3888       0  CODE        2
                text19                         001C65  000024  001C89      38CA       0  CODE        2
                text15                         001C89  000025  001CAE      3912       0  CODE        2
                text11                         001CAE  000027  001CD5      395C       0  CODE        2
                text27                         001CD5  00002D  001D02      39AA       0  CODE        2
                text8                          001D02  00003A  001D3C      3A04       0  CODE        2
                text9                          001D3C  000044  001D80      3A78       0  CODE        2
                text23                         001D80  00004E  001DCE      3B00       0  CODE        2
                text16                         001DCE  000054  001E22      3B9C       0  CODE        2
                text17                         001E22  000066  001E88      3C44       0  CODE        2
                text5                          001E88  000069  001EF1      3D10       0  CODE        2
                maintext                       001EF1  00006D  001F5E      3DE2       0  CODE        2
                text22                         001F5E  0000A2  002000      3EBC       0  CODE        2


UNUSED ADDRESS RANGES

        Name                Unused          Largest block    Delta
        BANK1            00EB-00EF              5           1
        BANK2            0110-016F             60           1
        BANK3            01A0-01EF             50           1
        CODE             0003-0006              4           2
                         0800-0805              6
                         1000-1000              1
                         18A3-1C0B            369
        CONFIG           2007-2008              2           2
        CONST            0003-0006              4           2
                         0800-0805              6
                         1000-1000              1
                         18A3-1C0B            100
        EEDATA           2100-21FF            100           2
        ENTRY            0003-0006              4           2
                         0800-0805              6
                         1000-1000              1
                         18A3-1C0B            100
        IDLOC            2000-2003              4           2
        RAM              00EB-00EF              5           1
                         0110-016F             60
                         01A0-01EF             50
        SFR0             0000-001F             20           1
        SFR1             0080-009F             20           1
        SFR2             0100-010F             10           1
        SFR3             0180-018F             10           1
        STACK            0110-016F             60           1
        STRCODE          0003-0006              4           2
                         0800-0805              6
                         1000-1000              1
                         18A3-1C0B            369
        STRING           0003-0006              4           2
                         0800-0805              6
                         1000-1000              1
                         18A3-1C0B            100

                                  Symbol Table

?__Umul8_16              cstackCOMMON 0070
?___awdiv                cstackCOMMON 0077
?___awmod                cstackCOMMON 0070
?___fladd                cstackBANK0  0052
?___fldiv                cstackCOMMON 0070
?___flmul                cstackBANK0  0024
?___flneg                cstackCOMMON 0070
?___flsub                cstackBANK0  0066
?___fltol                cstackBANK0  003E
?___lldiv                cstackCOMMON 0070
?___llmod                cstackCOMMON 0070
?___lwdiv                cstackCOMMON 0076
?___lwmod                cstackCOMMON 0070
?___wmul                 cstackCOMMON 0070
?___xxtofl               cstackCOMMON 0070
?__div_to_l_             cstackCOMMON 0070
?__tdiv_to_l_            cstackCOMMON 0070
?_adc                    cstackBANK1  00C4
?_fround                 cstackBANK0  003E
?_scale                  cstackBANK0  003E
?_sprintf                cstackBANK1  00A0
_ADCON0                  (abs)        001F
_ADCON1                  (abs)        009F
_ADRESH                  (abs)        001E
_ADRESL                  (abs)        009E
_ANSEL                   (abs)        0188
_ANSELH                  (abs)        0189
_GO                      (abs)        00F9
_PORTC                   (abs)        0007
_PORTD                   (abs)        0008
_PORTE                   (abs)        0009
_RE0                     (abs)        0048
_RE1                     (abs)        0049
_TRISA                   (abs)        0085
_TRISC                   (abs)        0087
_TRISD                   (abs)        0088
_TRISE                   (abs)        0089
__Habs1                  abs1         0000
__Hbank0                 bank0        0000
__Hbank1                 bank1        0000
__Hbank2                 bank2        0000
__Hbank3                 bank3        0000
__HbssBANK1              bssBANK1     0000
__HbssBANK3              bssBANK3     0000
__Hcinit                 cinit        0800
__Hclrtext               clrtext      0000
__Hcode                  code         0000
__Hcommon                common       0000
__HcstackBANK0           cstackBANK0  0000
__HcstackBANK1           cstackBANK1  0000
__HcstackCOMMON          cstackCOMMON 0000
__Heeprom_data           eeprom_data  0000
__Hend_init              end_init     0003
__Hfunctab               functab      0000
__Hinit                  init         0000
__Hintentry              intentry     0000
__Hmaintext              maintext     0000
__Hpowerup               powerup      0000
__Hram                   ram          0000
__Hreset_vec             reset_vec    0000
__Hsfr0                  sfr0         0000
__Hsfr1                  sfr1         0000
__Hsfr2                  sfr2         0000
__Hsfr3                  sfr3         0000
__Hspace_0               (abs)        2000
__Hspace_1               (abs)        01A0
__Hspace_2               (abs)        0000
__Hspace_3               (abs)        0000
__Hstack                 stack        0000
__Hstrings               strings      0000
__Htext                  text         0000
__Labs1                  abs1         0000
__Lbank0                 bank0        0000
__Lbank1                 bank1        0000
__Lbank2                 bank2        0000
__Lbank3                 bank3        0000
__LbssBANK1              bssBANK1     0000
__LbssBANK3              bssBANK3     0000
__Lcinit                 cinit        07EA
__Lclrtext               clrtext      0000
__Lcode                  code         0000
__Lcommon                common       0000
__LcstackBANK0           cstackBANK0  0000
__LcstackBANK1           cstackBANK1  0000
__LcstackCOMMON          cstackCOMMON 0000
__Leeprom_data           eeprom_data  0000
__Lend_init              end_init     0000
__Lfunctab               functab      0000
__Linit                  init         0000
__Lintentry              intentry     0000
__Lmaintext              maintext     0000
__Lpowerup               powerup      0000
__Lram                   ram          0000
__Lreset_vec             reset_vec    0000
__Lsfr0                  sfr0         0000
__Lsfr1                  sfr1         0000
__Lsfr2                  sfr2         0000
__Lsfr3                  sfr3         0000
__Lspace_0               (abs)        0000
__Lspace_1               (abs)        0000
__Lspace_2               (abs)        0000
__Lspace_3               (abs)        0000
__Lstack                 stack        0000
__Lstrings               strings      0000
__Ltext                  text         0000
__S0                     (abs)        2000
__S1                     (abs)        01A0
__S2                     (abs)        0000
__S3                     (abs)        0000
__Umul8_16               text11       1CAE
__Umul8_16@multiplicand  cstackCOMMON 0070
__Umul8_16@multiplier    cstackCOMMON 0078
__Umul8_16@product       cstackCOMMON 0074
__Umul8_16@word_mpld     cstackCOMMON 0076
___awdiv                 text5        1E88
___awdiv@counter         cstackBANK0  0020
___awdiv@dividend        cstackCOMMON 0079
___awdiv@divisor         cstackCOMMON 0077
___awdiv@quotient        cstackBANK0  0022
___awdiv@sign            cstackBANK0  0021
___awmod                 text4        0007
___awmod@counter         cstackCOMMON 0075
___awmod@dividend        cstackCOMMON 0072
___awmod@divisor         cstackCOMMON 0070
___awmod@sign            cstackCOMMON 0076
___fladd                 text20       1578
___fladd@a               cstackBANK0  0056
___fladd@aexp            cstackBANK0  0063
___fladd@b               cstackBANK0  0052
___fladd@bexp            cstackBANK0  0064
___fladd@grs             cstackBANK0  0065
___fladd@signs           cstackBANK0  0062
___fldiv                 text28       118A
___fldiv@a               cstackCOMMON 0070
___fldiv@aexp            cstackBANK0  002C
___fldiv@b               cstackCOMMON 0074
___fldiv@bexp            cstackBANK0  002B
___fldiv@grs             cstackBANK0  0027
___fldiv@new_exp         cstackBANK0  0025
___fldiv@rem             cstackBANK0  0020
___fldiv@sign            cstackBANK0  0024
___fleq                  text23       1D80
___fleq@ff1              cstackCOMMON 0070
___fleq@ff2              cstackCOMMON 0074
___flge                  text22       1F5E
___flge@ff1              cstackCOMMON 0070
___flge@ff2              cstackCOMMON 0074
___flmul                 text10       0C9F
___flmul@a               cstackBANK0  0028
___flmul@aexp            cstackBANK0  0036
___flmul@b               cstackBANK0  0024
___flmul@bexp            cstackBANK0  0037
___flmul@grs             cstackBANK0  0032
___flmul@prod            cstackBANK0  0038
___flmul@sign            cstackBANK0  0031
___flmul@temp            cstackBANK0  003C
___flneg                 text21       1C14
___flneg@f1              cstackCOMMON 0070
___flsub                 text19       1C65
___flsub@a               cstackBANK0  0066
___flsub@b               cstackBANK0  006A
___fltol                 text18       0806
___fltol@exp1            cstackBANK0  0048
___fltol@f1              cstackBANK0  003E
___fltol@sign1           cstackBANK0  0047
___int_sp                stack        0000
___latbits               (abs)        0002
___lldiv                 text17       1E22
___lldiv@counter         cstackCOMMON 007D
___lldiv@dividend        cstackCOMMON 0074
___lldiv@divisor         cstackCOMMON 0070
___lldiv@quotient        cstackCOMMON 0079
___llmod                 text16       1DCE
___llmod@counter         cstackCOMMON 0079
___llmod@dividend        cstackCOMMON 0074
___llmod@divisor         cstackCOMMON 0070
___lwdiv                 text9        1D3C
___lwdiv@counter         cstackCOMMON 007D
___lwdiv@dividend        cstackCOMMON 0078
___lwdiv@divisor         cstackCOMMON 0076
___lwdiv@quotient        cstackCOMMON 007B
___lwmod                 text8        1D02
___lwmod@counter         cstackCOMMON 0075
___lwmod@dividend        cstackCOMMON 0072
___lwmod@divisor         cstackCOMMON 0070
___sp                    stack        0000
___stackhi               (abs)        0000
___stacklo               (abs)        0000
___wmul                  text15       1C89
___wmul@multiplicand     cstackCOMMON 0072
___wmul@multiplier       cstackCOMMON 0070
___wmul@product          cstackCOMMON 0074
___xxtofl                text14       1013
___xxtofl@arg            cstackCOMMON 007A
___xxtofl@exp            cstackCOMMON 0079
___xxtofl@sign           cstackCOMMON 0078
___xxtofl@val            cstackCOMMON 0070
__div_to_l_              text13       0882
__div_to_l_@cntr         cstackBANK0  0024
__div_to_l_@exp1         cstackBANK0  0025
__div_to_l_@f1           cstackCOMMON 0070
__div_to_l_@f2           cstackCOMMON 0074
__div_to_l_@quot         cstackBANK0  0020
__end_of__Umul8_16       text11       1CD5
__end_of___awdiv         text5        1EF1
__end_of___awmod         text4        0060
__end_of___fladd         text20       1800
__end_of___fldiv         text28       136D
__end_of___fleq          text23       1DCE
__end_of___flge          text22       2000
__end_of___flmul         text10       1000
__end_of___flneg         text21       1C1F
__end_of___flsub         text19       1C89
__end_of___fltol         text18       0882
__end_of___lldiv         text17       1E88
__end_of___llmod         text16       1E22
__end_of___lwdiv         text9        1D80
__end_of___lwmod         text8        1D3C
__end_of___wmul          text15       1CAE
__end_of___xxtofl        text14       10CD
__end_of__div_to_l_      text13       0940
__end_of__initialization cinit        07FC
__end_of__npowers_       strings      186E
__end_of__powers_        strings      183A
__end_of__stringtab      strings      1806
__end_of__tdiv_to_l_     text12       118A
__end_of_adc             text1        0178
__end_of_command         text25       1C2B
__end_of_data            text24       1C65
__end_of_delay           text27       1D02
__end_of_dpowers         strings      1896
__end_of_enable          text26       1C44
__end_of_fround          text7        1578
__end_of_isdigit         text6        1013
__end_of_main            maintext     1F5E
__end_of_scale           text3        0C9F
__end_of_sprintf         text2        07EA
__initialization         cinit        07EA
__npowers_               strings      183A
__pbssBANK1              bssBANK1     00CD
__pbssBANK3              bssBANK3     0190
__pcstackBANK0           cstackBANK0  0020
__pcstackBANK1           cstackBANK1  00A0
__pcstackCOMMON          cstackCOMMON 0070
__pmaintext              maintext     1EF1
__powers_                strings      1806
__pstrings               strings      1800
__ptext1                 text1        0060
__ptext10                text10       0C9F
__ptext11                text11       1CAE
__ptext12                text12       10CD
__ptext13                text13       0882
__ptext14                text14       1013
__ptext15                text15       1C89
__ptext16                text16       1DCE
__ptext17                text17       1E22
__ptext18                text18       0806
__ptext19                text19       1C65
__ptext2                 text2        0178
__ptext20                text20       1578
__ptext21                text21       1C14
__ptext22                text22       1F5E
__ptext23                text23       1D80
__ptext24                text24       1C44
__ptext25                text25       1C1F
__ptext26                text26       1C2B
__ptext27                text27       1CD5
__ptext28                text28       118A
__ptext3                 text3        0940
__ptext4                 text4        0007
__ptext5                 text5        1E88
__ptext6                 text6        1001
__ptext7                 text7        136D
__ptext8                 text8        1D02
__ptext9                 text9        1D3C
__size_of__Umul8_16      (abs)        0000
__size_of___awdiv        (abs)        0000
__size_of___awmod        (abs)        0000
__size_of___fladd        (abs)        0000
__size_of___fldiv        (abs)        0000
__size_of___fleq         (abs)        0000
__size_of___flge         (abs)        0000
__size_of___flmul        (abs)        0000
__size_of___flneg        (abs)        0000
__size_of___flsub        (abs)        0000
__size_of___fltol        (abs)        0000
__size_of___lldiv        (abs)        0000
__size_of___llmod        (abs)        0000
__size_of___lwdiv        (abs)        0000
__size_of___lwmod        (abs)        0000
__size_of___wmul         (abs)        0000
__size_of___xxtofl       (abs)        0000
__size_of__div_to_l_     (abs)        0000
__size_of__tdiv_to_l_    (abs)        0000
__size_of_adc            (abs)        0000
__size_of_command        (abs)        0000
__size_of_data           (abs)        0000
__size_of_delay          (abs)        0000
__size_of_enable         (abs)        0000
__size_of_fround         (abs)        0000
__size_of_isdigit        (abs)        0000
__size_of_main           (abs)        0000
__size_of_scale          (abs)        0000
__size_of_sprintf        (abs)        0000
__stringbase             strings      1805
__stringtab              strings      1800
__tdiv_to_l_             text12       10CD
__tdiv_to_l_@cntr        cstackBANK0  0024
__tdiv_to_l_@exp1        cstackBANK0  0025
__tdiv_to_l_@f1          cstackCOMMON 0070
__tdiv_to_l_@f2          cstackCOMMON 0074
__tdiv_to_l_@quot        cstackBANK0  0020
_adc                     text1        0060
_array                   bssBANK1     00DB
_array1                  bssBANK3     0190
_b                       bssBANK1     00D7
_command                 text25       1C1F
_data                    text24       1C44
_delay                   text27       1CD5
_dpowers                 strings      186E
_enable                  text26       1C2B
_fround                  text7        136D
_fround$761              cstackBANK0  004D
_fround$762              cstackBANK0  0049
_isdigit                 text6        1001
_isdigit$585             cstackCOMMON 0070
_main                    maintext     1EF1
_output                  bssBANK1     00D5
_scale                   text3        0940
_scale$763               cstackBANK0  004C
_sprintf                 text2        0178
_sprintf$764             cstackBANK1  00AC
_temp                    bssBANK1     00CD
_voltage                 bssBANK1     00D1
adc@a                    cstackBANK1  00C8
btemp                    (abs)        007E
clear_ram0               clrtext      1C0C
command@a                cstackCOMMON 0077
data@a                   cstackCOMMON 0077
delay@i                  cstackCOMMON 0073
delay@j                  cstackCOMMON 0075
delay@ms                 cstackCOMMON 0070
end_of_initialization    cinit        07FC
fround@prec              cstackBANK0  0051
intlevel0                functab      0000
intlevel1                functab      0000
intlevel2                functab      0000
intlevel3                functab      0000
intlevel4                functab      0000
intlevel5                functab      0000
isdigit@c                cstackCOMMON 0071
main@temp                cstackBANK1  00C9
reset_vec                reset_vec    0000
scale@scl                cstackBANK0  0050
sprintf@ap               cstackBANK1  00B0
sprintf@c                cstackBANK1  00C3
sprintf@eexp             cstackBANK1  00B7
sprintf@f                cstackBANK1  00A2
sprintf@flag             cstackBANK1  00B1
sprintf@fval             cstackBANK1  00BF
sprintf@prec             cstackBANK1  00BD
sprintf@sp               cstackBANK1  00A0
sprintf@tmpval           cstackBANK1  00B9
sprintf@val              cstackBANK1  00B3
start                    init         0000
start_initialization     cinit        07EA
wtemp0                   (abs)        007E


MODULE INFORMATION

Module		Function		Class		Link	Load	Size
D:\Program Files\Microchip\xc8\v2.32\pic\sources\c90\common\lwdiv.c
		___lwdiv       		CODE           	1D3C	0000	68

D:\Program Files\Microchip\xc8\v2.32\pic\sources\c90\common\lwdiv.c estimated size: 68

D:\Program Files\Microchip\xc8\v2.32\pic\sources\c90\common\awdiv.c
		___awdiv       		CODE           	1E88	0000	105

D:\Program Files\Microchip\xc8\v2.32\pic\sources\c90\common\awdiv.c estimated size: 105

D:\Program Files\Microchip\xc8\v2.32\pic\sources\c90\common\xxtofl.c
		___xxtofl      		CODE           	1013	0000	186

D:\Program Files\Microchip\xc8\v2.32\pic\sources\c90\common\xxtofl.c estimated size: 186

D:\Program Files\Microchip\xc8\v2.32\pic\sources\c90\common\flneg.c
		___flneg       		CODE           	1C14	0000	11

D:\Program Files\Microchip\xc8\v2.32\pic\sources\c90\common\flneg.c estimated size: 11

D:\Program Files\Microchip\xc8\v2.32\pic\sources\c90\common\isdigit.c
		_isdigit       		CODE           	1001	0000	18

D:\Program Files\Microchip\xc8\v2.32\pic\sources\c90\common\isdigit.c estimated size: 18

D:\Program Files\Microchip\xc8\v2.32\pic\sources\c90\common\sprcadd.c
		___flsub       		CODE           	1C65	0000	36
		___fladd       		CODE           	1578	0000	648

D:\Program Files\Microchip\xc8\v2.32\pic\sources\c90\common\sprcadd.c estimated size: 684

D:\Program Files\Microchip\xc8\v2.32\pic\sources\c90\common\fleq.c
		___fleq        		CODE           	1D80	0000	78

D:\Program Files\Microchip\xc8\v2.32\pic\sources\c90\common\fleq.c estimated size: 78

D:\Program Files\Microchip\xc8\v2.32\pic\sources\c90\common\doprnt.c
		_scale         		CODE           	0940	0000	863
		_sprintf       		CODE           	0178	0000	1650
		_fround        		CODE           	136D	0000	523

D:\Program Files\Microchip\xc8\v2.32\pic\sources\c90\common\doprnt.c estimated size: 3036

D:\Program Files\Microchip\xc8\v2.32\pic\sources\c90\common\ftdivl.c
		__tdiv_to_l_   		CODE           	10CD	0000	189

D:\Program Files\Microchip\xc8\v2.32\pic\sources\c90\common\ftdivl.c estimated size: 189

D:\Program Files\Microchip\xc8\v2.32\pic\sources\c90\common\Umul16.c
		___wmul        		CODE           	1C89	0000	37

D:\Program Files\Microchip\xc8\v2.32\pic\sources\c90\common\Umul16.c estimated size: 37

shared
		__stringtab    		STRING         	1800	0000	6
		__powers_      		STRING         	1806	0000	52
		_dpowers       		STRING         	186E	0000	40
		__npowers_     		STRING         	183A	0000	52
		__initialization		CODE           	07EA	0000	18

shared estimated size: 168

D:\Program Files\Microchip\xc8\v2.32\pic\sources\c90\common\lwmod.c
		___lwmod       		CODE           	1D02	0000	58

D:\Program Files\Microchip\xc8\v2.32\pic\sources\c90\common\lwmod.c estimated size: 58

D:\Program Files\Microchip\xc8\v2.32\pic\sources\c90\common\awmod.c
		___awmod       		CODE           	0007	0000	89

D:\Program Files\Microchip\xc8\v2.32\pic\sources\c90\common\awmod.c estimated size: 89

lm35.c
		_delay         		CODE           	1CD5	0000	45
		_main          		CODE           	1EF1	0000	109
		_enable        		CODE           	1C2B	0000	25
		_adc           		CODE           	0060	0000	280
		_data          		CODE           	1C44	0000	33
		_command       		CODE           	1C1F	0000	12

lm35.c estimated size: 504

D:\Program Files\Microchip\xc8\v2.32\pic\sources\c90\common\llmod.c
		___llmod       		CODE           	1DCE	0000	84

D:\Program Files\Microchip\xc8\v2.32\pic\sources\c90\common\llmod.c estimated size: 84

D:\Program Files\Microchip\xc8\v2.32\pic\sources\c90\common\flge.c
		___flge        		CODE           	1F5E	0000	162

D:\Program Files\Microchip\xc8\v2.32\pic\sources\c90\common\flge.c estimated size: 162

D:\Program Files\Microchip\xc8\v2.32\pic\sources\c90\common\fldivl.c
		__div_to_l_    		CODE           	0882	0000	190

D:\Program Files\Microchip\xc8\v2.32\pic\sources\c90\common\fldivl.c estimated size: 190

D:\Program Files\Microchip\xc8\v2.32\pic\sources\c90\common\fltol.c
		___fltol       		CODE           	0806	0000	124

D:\Program Files\Microchip\xc8\v2.32\pic\sources\c90\common\fltol.c estimated size: 124

D:\Program Files\Microchip\xc8\v2.32\pic\sources\c90\common\sprcmul.c
		___flmul       		CODE           	0C9F	0000	865

D:\Program Files\Microchip\xc8\v2.32\pic\sources\c90\common\sprcmul.c estimated size: 865

D:\Program Files\Microchip\xc8\v2.32\pic\sources\c90\common\Umul8_16.c
		__Umul8_16     		CODE           	1CAE	0000	39

D:\Program Files\Microchip\xc8\v2.32\pic\sources\c90\common\Umul8_16.c estimated size: 39

D:\Program Files\Microchip\xc8\v2.32\pic\sources\c90\common\__lldiv.c
		___lldiv       		CODE           	1E22	0000	102

D:\Program Files\Microchip\xc8\v2.32\pic\sources\c90\common\__lldiv.c estimated size: 102

D:\Program Files\Microchip\xc8\v2.32\pic\sources\c90\common\sprcdiv.c
		___fldiv       		CODE           	118A	0000	483

D:\Program Files\Microchip\xc8\v2.32\pic\sources\c90\common\sprcdiv.c estimated size: 483

